// Jest Snapshot v1, https://goo.gl/fbAQLP

exports[`FeaturedCategories Widget UI snapshot test 1`] = `[Function]`;
